../Application/Src/MESS/mess_main.c:86:6:MESS_StartTask	19016	static
../Application/Src/MESS/mess_main.c:265:6:MESS_InitializeQueues	8	static
../Application/Src/MESS/mess_main.c:275:12:MESS_GetMessageFromTxQ	16	static
../Application/Src/MESS/mess_main.c:288:12:MESS_AddMessageToTxQ	16	static
../Application/Src/MESS/mess_main.c:296:12:MESS_GetMessageFromRxQ	16	static
../Application/Src/MESS/mess_main.c:309:12:MESS_AddMessageToRxQ	16	static
../Application/Src/MESS/mess_main.c:318:6:MESS_RoundBaud	32	static
../Application/Src/MESS/mess_main.c:331:13:switchState	16	static
../Application/Src/MESS/mess_main.c:373:13:switchTrTransmit	8	static
../Application/Src/MESS/mess_main.c:378:13:switchTrReceive	8	static
../Application/Src/MESS/mess_main.c:383:23:checkFlags	16	static
../Application/Src/MESS/mess_main.c:428:13:registerMessParams	8	static
../Application/Src/MESS/mess_main.c:454:13:registerMessMainParams	40	static
../Application/Src/MESS/mess_main.c:526:6:HAL_GPIO_EXTI_Callback	16	static
