../Application/Src/MESS/mess_error_correction.c:51:6:ErrorCorrection_AddCorrection	32	static
../Application/Src/MESS/mess_error_correction.c:101:6:ErrorCorrection_CheckCorrection	16	static
../Application/Src/MESS/mess_error_correction.c:121:6:ErrorCorrection_CheckLength	16	static
../Application/Src/MESS/mess_error_correction.c:141:6:ErrorCorrection_RegisterParams	32	static
../Application/Src/MESS/mess_error_correction.c:155:6:calculateCrc8	32	static
../Application/Src/MESS/mess_error_correction.c:196:6:calculateCrc16	32	static
../Application/Src/MESS/mess_error_correction.c:237:6:calculateCrc32	40	static
../Application/Src/MESS/mess_error_correction.c:278:6:calculateChecksum8	24	static
../Application/Src/MESS/mess_error_correction.c:301:6:calculateChecksum16	32	static
../Application/Src/MESS/mess_error_correction.c:327:6:calculateChecksum32	32	static
../Application/Src/MESS/mess_error_correction.c:361:6:checkCrc8	24	static
../Application/Src/MESS/mess_error_correction.c:379:6:checkCrc16	24	static
../Application/Src/MESS/mess_error_correction.c:397:6:checkCrc32	32	static
../Application/Src/MESS/mess_error_correction.c:415:6:checkChecksum8	24	static
../Application/Src/MESS/mess_error_correction.c:433:6:checkChecksum16	24	static
../Application/Src/MESS/mess_error_correction.c:451:6:checkChecksum32	32	static
