../Application/Src/MESS/mess_input.c:111:6:Input_Init	16	static
../Application/Src/MESS/mess_input.c:131:6:Input_IncrementEndIndex	4	static
../Application/Src/MESS/mess_input.c:136:6:Input_DetectMessageStart	8	static
../Application/Src/MESS/mess_input.c:151:6:Input_SegmentBlocks	16	static
../Application/Src/MESS/mess_input.c:182:6:Input_ProcessBlocks	16	static
../Application/Src/MESS/mess_input.c:216:6:Input_DecodeBits	24	static
../Application/Src/MESS/mess_input.c:272:6:Input_DecodeMessage	24	static
../Application/Src/MESS/mess_input.c:290:6:Input_Reset	8	static
../Application/Src/MESS/mess_input.c:302:6:Input_PrintNoise	368	static
../Application/Src/MESS/mess_input.c:323:6:Input_RegisterParams	32	static
../Application/Src/MESS/mess_input.c:338:17:getBufferLength	16	static
../Application/Src/MESS/mess_input.c:351:6:messageStartWithThreshold	16	static
../Application/Src/MESS/mess_input.c:368:6:messageStartWithFrequency	24	static
../Application/Src/MESS/mess_input.c:451:7:indexToFrequency	16	static
../Application/Src/MESS/mess_input.c:456:10:frequencyToIndex	16	static
../Application/Src/MESS/mess_input.c:461:6:checkFftConditions	24	static
../Application/Src/MESS/mess_input.c:485:17:findStartPosition	32	static
