../Application/Src/MESS/mess_modulate.c:47:6:Modulate_ConvertToFrequency	16	static
../Application/Src/MESS/mess_modulate.c:62:6:Modulate_ApplyAmplitude	24	static
../Application/Src/MESS/mess_modulate.c:71:6:Modulate_ApplyDuration	24	static
../Application/Src/MESS/mess_modulate.c:79:7:Modulate_GetTransducerAmplitude	4	static
../Application/Src/MESS/mess_modulate.c:84:6:Modulate_ChangeTransducerAmplitude	16	static
../Application/Src/MESS/mess_modulate.c:89:6:Modulate_StartTransducerOutput	16	static
../Application/Src/MESS/mess_modulate.c:106:6:Modulate_TestOutput	8	static
../Application/Src/MESS/mess_modulate.c:118:6:Modulate_SetTestFrequency	16	static
../Application/Src/MESS/mess_modulate.c:123:6:Modulate_TestFrequencyResponse	8	static
../Application/Src/MESS/mess_modulate.c:132:10:Modulate_GetFhbfskFrequency	32	static
../Application/Src/MESS/mess_modulate.c:144:6:Modulate_RegisterParams	32	static
../Application/Src/MESS/mess_modulate.c:159:6:convertToFrequencyFsk	32	static
../Application/Src/MESS/mess_modulate.c:171:6:convertToFrequencyFhbfsk	32	static
../Application/Src/MESS/mess_modulate.c:183:10:getFskFrequency	16	static
