../Application/Src/CFG/cfg_parameters.c:61:6:Param_Init	16	static
../Application/Src/CFG/cfg_parameters.c:85:6:Param_LoadInit	4	static
../Application/Src/CFG/cfg_parameters.c:92:6:Param_Register	32	static
../Application/Src/CFG/cfg_parameters.c:143:6:Param_GetValue	24	static
../Application/Src/CFG/cfg_parameters.c:158:6:Param_GetUint8	16	static
../Application/Src/CFG/cfg_parameters.c:163:6:Param_GetInt8	16	static
../Application/Src/CFG/cfg_parameters.c:167:6:Param_GetUint16	16	static
../Application/Src/CFG/cfg_parameters.c:172:6:Param_GetInt16	16	static
../Application/Src/CFG/cfg_parameters.c:177:6:Param_GetUint32	16	static
../Application/Src/CFG/cfg_parameters.c:182:6:Param_GetInt32	16	static
../Application/Src/CFG/cfg_parameters.c:187:6:Param_GetFloat	16	static
../Application/Src/CFG/cfg_parameters.c:192:7:Param_GetName	24	static
../Application/Src/CFG/cfg_parameters.c:205:6:Param_GetLimits	32	static
../Application/Src/CFG/cfg_parameters.c:222:6:Param_GetUint8Limits	32	static
../Application/Src/CFG/cfg_parameters.c:232:6:Param_GetInt8Limits	32	static
../Application/Src/CFG/cfg_parameters.c:242:6:Param_GetUint16Limits	32	static
../Application/Src/CFG/cfg_parameters.c:252:6:Param_GetInt16Limits	32	static
../Application/Src/CFG/cfg_parameters.c:262:6:Param_GetUint32Limits	24	static
../Application/Src/CFG/cfg_parameters.c:266:6:Param_GetInt32Limits	24	static
../Application/Src/CFG/cfg_parameters.c:270:6:Param_GetFloatLimits	24	static
../Application/Src/CFG/cfg_parameters.c:275:6:Param_SetValue	40	static
../Application/Src/CFG/cfg_parameters.c:342:6:Param_SetUint8	16	static
../Application/Src/CFG/cfg_parameters.c:347:6:Param_SetInt8	16	static
../Application/Src/CFG/cfg_parameters.c:352:6:Param_SetUint16	16	static
../Application/Src/CFG/cfg_parameters.c:357:6:Param_SetInt16	16	static
../Application/Src/CFG/cfg_parameters.c:362:6:Param_SetUint32	16	static
../Application/Src/CFG/cfg_parameters.c:367:6:Param_SetInt32	16	static
../Application/Src/CFG/cfg_parameters.c:372:6:Param_SetFloat	16	static
../Application/Src/CFG/cfg_parameters.c:377:6:Param_RegisterTask	24	static
../Application/Src/CFG/cfg_parameters.c:405:6:Param_TaskRegistrationComplete	24	static
../Application/Src/CFG/cfg_parameters.c:432:14:findParamById	16	static
../Application/Src/CFG/cfg_parameters.c:437:6:isParamInitialized	24	static
