../Application/Src/COMM/comm_config_menu.c:902:6:COMM_RegisterConfigurationMenu	16	static
../Application/Src/COMM/comm_config_menu.c:937:6:setEncoding	24	static
../Application/Src/COMM/comm_config_menu.c:943:6:setErrorCorrection	56	static
../Application/Src/COMM/comm_config_menu.c:951:6:setModulationMethod	32	static
../Application/Src/COMM/comm_config_menu.c:960:6:setFskF0	24	static
../Application/Src/COMM/comm_config_menu.c:967:6:setFskF1	24	static
../Application/Src/COMM/comm_config_menu.c:974:6:setFhbfskFreqSpacing	24	static
../Application/Src/COMM/comm_config_menu.c:981:6:setFhbfskDwell	24	static
../Application/Src/COMM/comm_config_menu.c:988:6:setFhbfskTones	24	static
../Application/Src/COMM/comm_config_menu.c:995:6:setBaudRate	64	static
../Application/Src/COMM/comm_config_menu.c:1080:6:setCenterFrequency	24	static
../Application/Src/COMM/comm_config_menu.c:1087:6:setBitPeriod	24	static
../Application/Src/COMM/comm_config_menu.c:1094:6:setBandwidth	24	static
../Application/Src/COMM/comm_config_menu.c:1102:6:printConfigOptions	24	static
../Application/Src/COMM/comm_config_menu.c:1108:6:importConfiOptions	24	static
../Application/Src/COMM/comm_config_menu.c:1114:6:setModSps	24	static
../Application/Src/COMM/comm_config_menu.c:1120:6:setMaxDacStep	24	static
../Application/Src/COMM/comm_config_menu.c:1126:6:setOutputPower	24	static
../Application/Src/COMM/comm_config_menu.c:1132:6:setDemodSps	24	static
../Application/Src/COMM/comm_config_menu.c:1138:6:setMessageStartFunction	32	static
../Application/Src/COMM/comm_config_menu.c:1147:6:setBitDecisionFunction	32	static
../Application/Src/COMM/comm_config_menu.c:1156:6:configureSleep	24	static
../Application/Src/COMM/comm_config_menu.c:1162:6:setLedBrightness	24	static
../Application/Src/COMM/comm_config_menu.c:1168:6:toggleLed	24	static
../Application/Src/COMM/comm_config_menu.c:1175:6:setModCalFreq	40	static
../Application/Src/COMM/comm_config_menu.c:1209:6:setModCalFreqStep	24	static
../Application/Src/COMM/comm_config_menu.c:1215:6:updateTvr	24	static
../Application/Src/COMM/comm_config_menu.c:1221:6:modCalibration	24	static
../Application/Src/COMM/comm_config_menu.c:1232:6:exportModCalibration	24	static
../Application/Src/COMM/comm_config_menu.c:1238:6:tuneMatchingNetwork	24	static
../Application/Src/COMM/comm_config_menu.c:1244:6:updateOcrr	24	static
../Application/Src/COMM/comm_config_menu.c:1250:6:updateVmax	24	static
../Application/Src/COMM/comm_config_menu.c:1256:6:toggleModFeedback	24	static
../Application/Src/COMM/comm_config_menu.c:1262:6:setModFeedbackRatio	24	static
../Application/Src/COMM/comm_config_menu.c:1268:6:setModFeedbackSps	24	static
../Application/Src/COMM/comm_config_menu.c:1274:6:setDemodCalRatio	24	static
../Application/Src/COMM/comm_config_menu.c:1280:6:performDemodCal	24	static
../Application/Src/COMM/comm_config_menu.c:1286:6:setDemodCalFreq	24	static
../Application/Src/COMM/comm_config_menu.c:1292:6:setDemodCalFreqStep	24	static
../Application/Src/COMM/comm_config_menu.c:1298:6:exportDemodCal	24	static
../Application/Src/COMM/comm_config_menu.c:1304:6:setUartBaud	24	static
../Application/Src/COMM/comm_config_menu.c:1310:6:setID	24	static
../Application/Src/COMM/comm_config_menu.c:1317:6:setStationaryFlag	24	static
