../Application/Src/COMM/comm_txrx_menu.c:212:6:COMM_RegisterTxRxMenu	16	static
../Application/Src/COMM/comm_txrx_menu.c:224:6:transmitBitsOut	24	static
../Application/Src/COMM/comm_txrx_menu.c:230:6:transmitBitsFb	24	static
../Application/Src/COMM/comm_txrx_menu.c:235:6:transmitStringOut	24	static
../Application/Src/COMM/comm_txrx_menu.c:242:6:transmitStringFb	24	static
../Application/Src/COMM/comm_txrx_menu.c:249:6:transmitIntOut	24	static
../Application/Src/COMM/comm_txrx_menu.c:256:6:transmitIntFb	24	static
../Application/Src/COMM/comm_txrx_menu.c:263:6:transmitFloatOut	24	static
../Application/Src/COMM/comm_txrx_menu.c:270:6:transmitFloatFb	24	static
../Application/Src/COMM/comm_txrx_menu.c:277:6:togglePrint	24	static
../Application/Src/COMM/comm_txrx_menu.c:285:6:transmitBits	16	static
../Application/Src/COMM/comm_txrx_menu.c:290:6:transmitString	168	static
../Application/Src/COMM/comm_txrx_menu.c:342:6:transmitInt	176	static
../Application/Src/COMM/comm_txrx_menu.c:387:6:transmitFloat	168	static
